###############################################################################
#
# IAR ELF Linker V7.50.2.10312/W32 for ARM                20/Oct/2016  15:17:36
# Copyright 2007-2015 IAR Systems AB.
#
#    Output file  =  
#        C:\ilya\vendicont\arm-periphery\build\iar\Output\Release\Exe\arm_peripheral.out
#    Map file     =  
#        C:\ilya\vendicont\arm-periphery\build\iar\Output\Release\List\arm_peripheral.map
#    Command line =  
#        C:\ilya\vendicont\arm-periphery\build\iar\Output\Release\Obj\18B20.o
#        C:\ilya\vendicont\arm-periphery\build\iar\Output\Release\Obj\BSP.o
#        C:\ilya\vendicont\arm-periphery\build\iar\Output\Release\Obj\bt.o
#        C:\ilya\vendicont\arm-periphery\build\iar\Output\Release\Obj\dex.o
#        C:\ilya\vendicont\arm-periphery\build\iar\Output\Release\Obj\dex_sample.o
#        C:\ilya\vendicont\arm-periphery\build\iar\Output\Release\Obj\flash.o
#        C:\ilya\vendicont\arm-periphery\build\iar\Output\Release\Obj\JLINKMEM_Process.o
#        C:\ilya\vendicont\arm-periphery\build\iar\Output\Release\Obj\lcd_2x16.o
#        C:\ilya\vendicont\arm-periphery\build\iar\Output\Release\Obj\log.o
#        C:\ilya\vendicont\arm-periphery\build\iar\Output\Release\Obj\mdb.o
#        C:\ilya\vendicont\arm-periphery\build\iar\Output\Release\Obj\mdb_sniffer.o
#        C:\ilya\vendicont\arm-periphery\build\iar\Output\Release\Obj\misc.o
#        C:\ilya\vendicont\arm-periphery\build\iar\Output\Release\Obj\one_wire.o
#        C:\ilya\vendicont\arm-periphery\rtos\embos\iar\lib\os7m_tl__r.a
#        C:\ilya\vendicont\arm-periphery\build\iar\Output\Release\Obj\OS_Error.o
#        C:\ilya\vendicont\arm-periphery\build\iar\Output\Release\Obj\pt-vending.o
#        C:\ilya\vendicont\arm-periphery\build\iar\Output\Release\Obj\RTOSInit.o
#        C:\ilya\vendicont\arm-periphery\build\iar\Output\Release\Obj\RTOSVect.o
#        C:\ilya\vendicont\arm-periphery\build\iar\Output\Release\Obj\spi_slave.o
#        C:\ilya\vendicont\arm-periphery\build\iar\Output\Release\Obj\Start.o
#        C:\ilya\vendicont\arm-periphery\build\iar\Output\Release\Obj\stm32f10x_adc.o
#        C:\ilya\vendicont\arm-periphery\build\iar\Output\Release\Obj\stm32f10x_bkp.o
#        C:\ilya\vendicont\arm-periphery\build\iar\Output\Release\Obj\stm32f10x_can.o
#        C:\ilya\vendicont\arm-periphery\build\iar\Output\Release\Obj\stm32f10x_cec.o
#        C:\ilya\vendicont\arm-periphery\build\iar\Output\Release\Obj\stm32f10x_crc.o
#        C:\ilya\vendicont\arm-periphery\build\iar\Output\Release\Obj\stm32f10x_dac.o
#        C:\ilya\vendicont\arm-periphery\build\iar\Output\Release\Obj\stm32f10x_dbgmcu.o
#        C:\ilya\vendicont\arm-periphery\build\iar\Output\Release\Obj\stm32f10x_dma.o
#        C:\ilya\vendicont\arm-periphery\build\iar\Output\Release\Obj\stm32f10x_exti.o
#        C:\ilya\vendicont\arm-periphery\build\iar\Output\Release\Obj\stm32f10x_flash.o
#        C:\ilya\vendicont\arm-periphery\build\iar\Output\Release\Obj\stm32f10x_fsmc.o
#        C:\ilya\vendicont\arm-periphery\build\iar\Output\Release\Obj\stm32f10x_gpio.o
#        C:\ilya\vendicont\arm-periphery\build\iar\Output\Release\Obj\stm32f10x_i2c.o
#        C:\ilya\vendicont\arm-periphery\build\iar\Output\Release\Obj\stm32f10x_iwdg.o
#        C:\ilya\vendicont\arm-periphery\build\iar\Output\Release\Obj\stm32f10x_pwr.o
#        C:\ilya\vendicont\arm-periphery\build\iar\Output\Release\Obj\stm32f10x_rcc.o
#        C:\ilya\vendicont\arm-periphery\build\iar\Output\Release\Obj\stm32f10x_rtc.o
#        C:\ilya\vendicont\arm-periphery\build\iar\Output\Release\Obj\stm32f10x_sdio.o
#        C:\ilya\vendicont\arm-periphery\build\iar\Output\Release\Obj\stm32f10x_spi.o
#        C:\ilya\vendicont\arm-periphery\build\iar\Output\Release\Obj\stm32f10x_tim.o
#        C:\ilya\vendicont\arm-periphery\build\iar\Output\Release\Obj\stm32f10x_usart.o
#        C:\ilya\vendicont\arm-periphery\build\iar\Output\Release\Obj\stm32f10x_wwdg.o
#        C:\ilya\vendicont\arm-periphery\build\iar\Output\Release\Obj\sw_uart.o
#        C:\ilya\vendicont\arm-periphery\build\iar\Output\Release\Obj\utils.o
#        C:\ilya\vendicont\arm-periphery\build\iar\Output\Release\Obj\xmtx.o
#        C:\ilya\vendicont\arm-periphery\build\iar\Output\Release\Obj\xmtx2.o
#        --redirect _Printf=_PrintfFull --redirect _Scanf=_ScanfFull -o
#        C:\ilya\vendicont\arm-periphery\build\iar\Output\Release\Exe\arm_peripheral.out
#        --strip --map
#        C:\ilya\vendicont\arm-periphery\build\iar\Output\Release\List\arm_peripheral.map
#        --config
#        C:\ilya\vendicont\arm-periphery\build\iar\..\..\setup\iar\flash.icf
#        --remarks --entry __iar_program_start --redirect
#        __write=__write_buffered --inline --vfe
#
###############################################################################

*******************************************************************************
*** RUNTIME MODEL ATTRIBUTES
***

CppFlavor                   = *
__Heap_Handler              = Basic
__SystemLibrary             = DLib
__dlib_jmp_buf_num_elements = 8


*******************************************************************************
*** PLACEMENT SUMMARY
***

"A2":  place at 0x08004000 { ro section .intvec };
"P2":  place in [from 0x08004040 to 0x0801ffff] { ro };
"P3":  place in [from 0x20000000 to 0x20004fff] { rw, block CSTACK, block HEAP };

  Section               Kind        Address    Size  Object
  -------               ----        -------    ----  ------
"A2":                                         0x130
  .intvec                        0x08004000   0x130  <Block>
    .intvec             const    0x08004000   0x130  RTOSVect.o [1]
                               - 0x08004130   0x130

"P2":                                        0x6c35
  .text                 ro code  0x08004130   0xda6  xprintffull.o [3]
  .text                 ro code  0x08004ed6    0x1e  xsscin.o [3]
  .text                 ro code  0x08004ef4    0x16  strchr.o [6]
  .text                 ro code  0x08004f0a    0x1a  xsnprout.o [3]
  .text                 ro code  0x08004f24    0x36  strlen.o [6]
  .text                 ro code  0x08004f5a     0xa  xsprout.o [3]
  .text                 ro code  0x08004f64    0x58  memchr.o [6]
  .text                 ro code  0x08004fbc    0xee  I64DivMod.o [6]
  .rodata               const    0x080050aa     0x2  pt-vending.o [1]
  .text                 ro code  0x080050ac    0x76  ABImemcpy_unaligned.o [6]
  .text                 ro code  0x08005122    0x42  xdnorm.o [4]
  .text                 ro code  0x08005164    0x2e  DblCmpLe.o [4]
  .text                 ro code  0x08005194    0x2e  DblCmpGe.o [4]
  .text                 ro code  0x080051c4   0x10c  xdscale.o [4]
  .text                 ro code  0x080052d0    0x58  DblToI32.o [4]
  .text                 ro code  0x08005328    0x30  I32ToDbl.o [4]
  .text                 ro code  0x08005358   0x180  DblSub.o [4]
  .text                 ro code  0x080054d8   0x1a2  DblMul.o [4]
  .text                 ro code  0x0800567c   0x256  DblDiv.o [4]
  .text                 ro code  0x080058d2     0xe  div.o [3]
  .text                 ro code  0x080058e0     0x2  I64DivZer.o [6]
  .text                 ro code  0x080058e4    0xe8  DblAdd.o [4]
  .text                 ro code  0x080059cc   0xb5c  xscanffull.o [3]
  .text                 ro code  0x08006528    0xa2  xstoll.o [3]
  .text                 ro code  0x080065cc   0x1b4  xstoull.o [3]
  .text                 ro code  0x08006780   0x14c  xstold.o [4]
  .text                 ro code  0x080068cc    0x90  DblToFlt.o [4]
  .text                 ro code  0x0800695c     0xc  errno.o [3]
  .text                 ro code  0x08006968   0x120  xstopfx.o [3]
  .text                 ro code  0x08006a88   0x1b0  xstoflt.o [3]
  .text                 ro code  0x08006c38   0x200  xdtento.o [4]
  .text                 ro code  0x08006e38   0x200  xstoxflt.o [3]
  .text                 ro code  0x08007038    0x18  xtls.o [5]
  .text                 ro code  0x08007050    0x20  DblCmpEq.o [4]
  .text                 ro code  0x08007070    0x52  xdunscal.o [4]
  .text                 ro code  0x080070c4   0x908  pt-vending.o [1]
  .text                 ro code  0x080079cc   0x124  OSTIME.o [5]
  .text                 ro code  0x08007af0    0xb0  OS_SysTimer.o [5]
  .text                 ro code  0x08007ba0    0x78  ABImemmove_unaligned.o [6]
  .text                 ro code  0x08007c18    0x3c  OSEVENS.o [5]
  .text                 ro code  0x08007c54     0x6  ABImemclr.o [6]
  .text                 ro code  0x08007c5c    0xc8  stm32f10x_gpio.o [1]
  .text                 ro code  0x08007d24   0x360  RTOSInit.o [1]
  .text                 ro code  0x08008084     0x6  ABImemclr4.o [6]
  .text                 ro code  0x0800808c    0xac  OSQ.o [5]
  .text                 ro code  0x08008138   0x1b4  log.o [1]
  .text                 ro code  0x080082ec   0x41c  OSKERN.o [5]
  .text                 ro code  0x08008708   0x310  sw_uart.o [1]
  .text                 ro code  0x08008a18    0xec  OSQPut.o [5]
  .text                 ro code  0x08008b04   0x328  mdb_sniffer.o [1]
  .text                 ro code  0x08008e2c    0x44  OSEVENW.o [5]
  .text                 ro code  0x08008e70   0x1dc  stm32f10x_usart.o [1]
  .text                 ro code  0x0800904c    0xf4  rtos.o [5]
  .text                 ro code  0x08009140   0x390  mdb.o [1]
  .text                 ro code  0x080094d0    0x5e  ABImemset.o [6]
  .text                 ro code  0x08009530    0x58  OS_TICK_Handle.o [5]
  .text                 ro code  0x08009588    0x32  ABImemset48.o [6]
  .text                 ro code  0x080095bc    0x2c  OS_Wait.o [5]
  .text                 ro code  0x080095e8    0xf4  OSRSEM.o [5]
  .text                 ro code  0x080096dc    0x3c  vsnprint.o [3]
  .text                 ro code  0x08009718    0x38  OS_GetNumTasks.o [5]
  .text                 ro code  0x08009750    0x24  OS_Error.o [1]
  .text                 ro code  0x08009774    0x1c  OS_InitMode.o [5]
  .text                 ro code  0x08009790    0xf4  stm32f10x_rcc.o [1]
  .text                 ro code  0x08009884   0x33c  stm32f10x_tim.o [1]
  .text                 ro code  0x08009bc0    0x1e  I32ToFlt.o [4]
  .text                 ro code  0x08009be0    0xfc  FltDiv.o [4]
  .text                 ro code  0x08009cdc    0x4e  FltToDbl.o [4]
  .text                 ro code  0x08009d2c    0x34  sprintf.o [3]
  .text                 ro code  0x08009d60    0x3c  OS_DeactivateP.o [5]
  .text                 ro code  0x08009d9c   0x72c  spi_slave.o [1]
  .text                 ro code  0x0800a4c8    0x34  stm32f10x_iwdg.o [1]
  .text                 ro code  0x0800a4fc    0x14  misc.o [1]
  .text                 ro code  0x0800a510    0xe4  utils.o [1]
  .text                 ro code  0x0800a5f4    0x40  OSQGPC.o [5]
  .text                 ro code  0x0800a634    0x20  OSQGMC.o [5]
  .text                 ro code  0x0800a654   0x154  stm32f10x_dma.o [1]
  .text                 ro code  0x0800a7a8    0xca  stm32f10x_spi.o [1]
  .text                 ro code  0x0800a874    0x18  stm32f10x_dbgmcu.o [1]
  .text                 ro code  0x0800a88c    0x24  sscanf.o [3]
  .text                 ro code  0x0800a8b0    0x2c  strstr.o [3]
  .text                 ro code  0x0800a8dc    0xcc  Start.o [1]
  .text                 ro code  0x0800a9a8    0xa4  BSP.o [1]
  .text                 ro code  0x0800aa4c    0x90  OS_CreateTask.o [5]
  .text                 ro code  0x0800aadc    0x28  OS_TICK_Hook.o [5]
  .text                 ro code  0x0800ab04    0x76  RTOSVect.o [1]
  .text                 ro code  0x0800ab7c    0x6c  bt.o [1]
  .text                 ro code  0x0800abe8    0x42  strcmp_unaligned.o [6]
  .text                 ro code  0x0800ac2a    0x40  zero_init3.o [6]
  .text                 ro code  0x0800ac6a    0x38  packbits_init_single.o [6]
  .text                 ro code  0x0800aca4    0x28  data_init.o [6]
  .iar.init_table       const    0x0800accc    0x30  - Linker created -
  .text                 ro code  0x0800acfc    0x1a  cmain.o [6]
  .text                 ro code  0x0800ad16     0x4  exit.o [3]
  .text                 ro code  0x0800ad1c     0xa  cexit.o [6]
  .text                 ro code  0x0800ad28     0xc  XXexit.o [6]
  .text                 ro code  0x0800ad34     0xc  cstartup_M.o [6]
  .rodata               const    0x0800ad40     0x4  RTOSInit.o [1]
  .rodata               const    0x0800ad44     0x4  OSGLOBAL.o [5]
  .rodata               const    0x0800ad48     0x0  zero_init3.o [6]
  .rodata               const    0x0800ad48     0x0  packbits_init_single.o [6]
  Initializer bytes     const    0x0800ad48    0x1b  <for P3-1>
  Initializer bytes     const    0x0800ad63     0x2  <for __DLIB_PERTHREAD-1>
                               - 0x0800ad65  0x6c35

"P3", part 1 of 3:                             0x58
  P3-1                           0x20000000    0x51  <Init block>
    .data               inited   0x20000000    0x14  stm32f10x_rcc.o [1]
    .data               inited   0x20000014    0x3c  OSGLOBAL.o [5]
    .data               inited   0x20000050     0x1  mdb.o [1]
  __DLIB_PERTHREAD               0x20000054     0x4  <Block>
    __DLIB_PERTHREAD-1           0x20000054     0x4  <Init block>
      __DLIB_PERTHREAD  inited   0x20000054     0x4  errno.o [3]
                               - 0x20000058    0x58

"P3", part 2 of 3:                            0x200
  CSTACK                         0x20000058   0x200  <Block>
    CSTACK              uninit   0x20000058   0x200  <Block tail>
                               - 0x20000258   0x200

"P3", part 3 of 3:                           0x220c
  .bss                  zero     0x20000258   0xe1c  log.o [1]
  .bss                  zero     0x20001074   0xc90  Start.o [1]
  .bss                  zero     0x20001d04   0x380  pt-vending.o [1]
  .bss                  zero     0x20002084   0x1e0  mdb_sniffer.o [1]
  .bss                  zero     0x20002264   0x128  spi_slave.o [1]
  .bss                  zero     0x2000238c    0x7a  sw_uart.o [1]
  .bss                  zero     0x20002406     0x1  OSGLOBAL.o [5]
  .bss                  zero     0x20002407     0x1  OSGLOBAL.o [5]
  .bss                  zero     0x20002408    0x20  OS_SysTimer.o [5]
  .bss                  zero     0x20002428    0x10  lcd_2x16.o [1]
  .bss                  zero     0x20002438     0xc  BSP.o [1]
  .bss                  zero     0x20002444     0x8  OSTERM.o [5]
  .bss                  zero     0x2000244c     0x4  18B20.o [1]
  .bss                  zero     0x20002450     0x4  OSGLOBAL.o [5]
  .bss                  zero     0x20002454     0x4  OSGLOBAL.o [5]
  .bss                  zero     0x20002458     0x4  OSGLOBAL.o [5]
  .bss                  zero     0x2000245c     0x4  OSGLOBAL.o [5]
  .bss                  zero     0x20002460     0x1  OSGLOBAL.o [5]
  .bss                  zero     0x20002461     0x1  OSGLOBAL.o [5]
  .bss                  zero     0x20002462     0x1  OS_CreateTask.o [5]
                               - 0x20002463  0x220b


*******************************************************************************
*** INIT TABLE
***

          Address     Size
          -------     ----
Zero (__iar_zero_init3)
    1 destination range, total size 0x220b:
          0x20000258  0x220b

Copy/packbits (__iar_packbits_init_single3)
    1 source range, total size 0x1b (33% of destination):
          0x0800ad48    0x1b
    1 destination range, total size 0x51:
          0x20000000    0x51

Copy/packbits (__iar_packbits_init_single3)
    1 source range, total size 0x2 (50% of destination):
          0x0800ad63     0x2
    1 destination range, total size 0x4:
          0x20000054     0x4



*******************************************************************************
*** MODULE SUMMARY
***

    Module                  ro code  ro data  rw data
    ------                  -------  -------  -------
C:\ilya\vendicont\arm-periphery\build\iar\Output\Release\Obj: [1]
    18B20.o                                         4
    BSP.o                       164                12
    OS_Error.o                   36
    RTOSInit.o                  864        4
    RTOSVect.o                  118      304
    Start.o                     204             3 216
    bt.o                        108
    lcd_2x16.o                                     16
    log.o                       436             3 612
    mdb.o                       912        1        1
    mdb_sniffer.o               808               480
    misc.o                       20
    pt-vending.o              2 312        2      896
    spi_slave.o               1 836               296
    stm32f10x_dbgmcu.o           24
    stm32f10x_dma.o             340
    stm32f10x_gpio.o            200
    stm32f10x_iwdg.o             52
    stm32f10x_rcc.o             244        6       20
    stm32f10x_spi.o             202
    stm32f10x_tim.o             828
    stm32f10x_usart.o           476
    sw_uart.o                   784               122
    utils.o                     228
    -------------------------------------------------
    Total:                   11 196      317    8 675

command line: [2]
    -------------------------------------------------
    Total:

dl7M_tln.a: [3]
    div.o                        14
    errno.o                      12        2        4
    exit.o                        4
    sprintf.o                    52
    sscanf.o                     36
    strstr.o                     44
    vsnprint.o                   60
    xprintffull.o             3 494
    xscanffull.o              2 908
    xsnprout.o                   26
    xsprout.o                    10
    xsscin.o                     30
    xstoflt.o                   432
    xstoll.o                    162
    xstopfx.o                   288
    xstoull.o                   436
    xstoxflt.o                  512
    -------------------------------------------------
    Total:                    8 520        2        4

m7M_tl.a: [4]
    DblAdd.o                    232
    DblCmpEq.o                   32
    DblCmpGe.o                   46
    DblCmpLe.o                   46
    DblDiv.o                    598
    DblMul.o                    418
    DblSub.o                    384
    DblToFlt.o                  144
    DblToI32.o                   88
    FltDiv.o                    252
    FltToDbl.o                   78
    I32ToDbl.o                   48
    I32ToFlt.o                   30
    xdnorm.o                     66
    xdscale.o                   268
    xdtento.o                   512
    xdunscal.o                   82
    xstold.o                    332
    -------------------------------------------------
    Total:                    3 656

os7m_tl__r.a: [5]
    OSEVENS.o                    60
    OSEVENW.o                    68
    OSGLOBAL.o                            24       80
    OSKERN.o                  1 052
    OSQ.o                       172
    OSQGMC.o                     32
    OSQGPC.o                     64
    OSQPut.o                    236
    OSRSEM.o                    244
    OSTERM.o                                        8
    OSTIME.o                    292
    OS_CreateTask.o             144                 1
    OS_DeactivateP.o             60
    OS_GetNumTasks.o             56
    OS_InitMode.o                28
    OS_SysTimer.o               176                32
    OS_TICK_Handle.o             88
    OS_TICK_Hook.o               40
    OS_Wait.o                    44
    rtos.o                      244
    xtls.o                       24
    -------------------------------------------------
    Total:                    3 124       24      121

rt7M_tl.a: [6]
    ABImemclr.o                   6
    ABImemclr4.o                  6
    ABImemcpy_unaligned.o       118
    ABImemmove_unaligned.o      120
    ABImemset.o                  94
    ABImemset48.o                50
    I64DivMod.o                 238
    I64DivZer.o                   2
    XXexit.o                     12
    cexit.o                      10
    cmain.o                      26
    cstartup_M.o                 12
    data_init.o                  40
    memchr.o                     88
    packbits_init_single.o       56
    strchr.o                     22
    strcmp_unaligned.o           66
    strlen.o                     54
    zero_init3.o                 64
    -------------------------------------------------
    Total:                    1 084

    Gaps                         34
    Linker created                        48      512
-----------------------------------------------------
    Grand Total:             27 614      391    9 312


*******************************************************************************
*** ENTRY LIST
***

Entry                      Address   Size  Type      Object
-----                      -------   ----  ----      ------
.iar.init_table$$Base   0x0800accc          --   Gb  - Linker created -
.iar.init_table$$Limit  0x0800acfc          --   Gb  - Linker created -
.intvec$$Base           0x08004000          --   Gb  - Linker created -
.intvec$$Limit          0x08004130          --   Gb  - Linker created -
?main                   0x0800acfd         Code  Gb  cmain.o [6]
ADC1_2_IRQHandler       0x0800ab31    0x2  Code  Wk  RTOSVect.o [1]
ADC3_IRQHandler         0x0800ab61    0x2  Code  Wk  RTOSVect.o [1]
ADCPrescTable           0x20000010    0x4  Data  Lc  stm32f10x_rcc.o [1]
APBAHBPrescTable        0x20000000   0x10  Data  Lc  stm32f10x_rcc.o [1]
BSP_Init                0x0800a9ad   0x8a  Code  Gb  BSP.o [1]
BusFault_Handler        0x0800ab09    0x2  Code  Wk  RTOSVect.o [1]
CAN1_RX1_IRQHandler     0x0800ab37    0x2  Code  Wk  RTOSVect.o [1]
CAN1_SCE_IRQHandler     0x0800ab39    0x2  Code  Wk  RTOSVect.o [1]
CSTACK$$Base            0x20000058          --   Gb  - Linker created -
CSTACK$$Limit           0x20000258          --   Gb  - Linker created -
DBGMCU_Config           0x0800a875   0x12  Code  Gb  stm32f10x_dbgmcu.o [1]
DMA1_Channel1_IRQHandler
                        0x0800ab27    0x2  Code  Wk  RTOSVect.o [1]
DMA1_Channel2_IRQHandler
                        0x0800ab29    0x2  Code  Wk  RTOSVect.o [1]
DMA1_Channel3_IRQHandler
                        0x0800ab2b    0x2  Code  Wk  RTOSVect.o [1]
DMA1_Channel4_IRQHandler
                        0x0800a075  0x124  Code  Gb  spi_slave.o [1]
DMA1_Channel5_IRQHandler
                        0x0800a199   0xda  Code  Gb  spi_slave.o [1]
DMA1_Channel6_IRQHandler
                        0x0800ab2d    0x2  Code  Wk  RTOSVect.o [1]
DMA1_Channel7_IRQHandler
                        0x0800ab2f    0x2  Code  Wk  RTOSVect.o [1]
DMA2_Channel1_IRQHandler
                        0x0800ab73    0x2  Code  Wk  RTOSVect.o [1]
DMA2_Channel2_IRQHandler
                        0x0800ab75    0x2  Code  Wk  RTOSVect.o [1]
DMA2_Channel3_IRQHandler
                        0x0800ab77    0x2  Code  Wk  RTOSVect.o [1]
DMA2_Channel4_5_IRQHandler
                        0x0800ab79    0x2  Code  Wk  RTOSVect.o [1]
DMA_Cmd                 0x0800a75b   0x14  Code  Gb  stm32f10x_dma.o [1]
DMA_DeInit              0x0800a655   0xd0  Code  Gb  stm32f10x_dma.o [1]
DMA_Init                0x0800a725   0x36  Code  Gb  stm32f10x_dma.o [1]
DMA_InitStructure       0x200022a4   0x2c  Data  Gb  spi_slave.o [1]
DebugMon_Handler        0x0800ab0f    0x2  Code  Wk  RTOSVect.o [1]
EXTI0_IRQHandler        0x0800ab1d    0x2  Code  Wk  RTOSVect.o [1]
EXTI15_10_IRQHandler    0x0800ab53    0x2  Code  Wk  RTOSVect.o [1]
EXTI1_IRQHandler        0x0800ab1f    0x2  Code  Wk  RTOSVect.o [1]
EXTI2_IRQHandler        0x0800ab21    0x2  Code  Wk  RTOSVect.o [1]
EXTI3_IRQHandler        0x0800ab23    0x2  Code  Wk  RTOSVect.o [1]
EXTI4_IRQHandler        0x0800ab25    0x2  Code  Wk  RTOSVect.o [1]
EXTI9_5_IRQHandler      0x0800ab3b    0x2  Code  Wk  RTOSVect.o [1]
FLASH_IRQHandler        0x0800ab19    0x2  Code  Wk  RTOSVect.o [1]
FSMC_IRQHandler         0x0800ab63    0x2  Code  Wk  RTOSVect.o [1]
GPIO_Init               0x08007c5d   0xba  Code  Gb  stm32f10x_gpio.o [1]
GPIO_InitStructure      0x20002438    0x4  Data  Gb  BSP.o [1]
GPIO_InitStructure      0x20001fe0    0x4  Data  Lc  pt-vending.o [1]
GPIO_ReadInputDataBit   0x08007d17    0xe  Code  Gb  stm32f10x_gpio.o [1]
HardFault_Handler       0x0800a42d   0x18  Code  Gb  spi_slave.o [1]
I2C1_ER_IRQHandler      0x0800ab4b    0x2  Code  Wk  RTOSVect.o [1]
I2C1_EV_IRQHandler      0x0800ab49    0x2  Code  Wk  RTOSVect.o [1]
I2C2_ER_IRQHandler      0x0800ab4f    0x2  Code  Wk  RTOSVect.o [1]
I2C2_EV_IRQHandler      0x0800ab4d    0x2  Code  Wk  RTOSVect.o [1]
IWDG_Enable             0x0800a4e5    0xa  Code  Gb  stm32f10x_iwdg.o [1]
IWDG_ReloadCounter      0x0800a4db    0xa  Code  Gb  stm32f10x_iwdg.o [1]
IWDG_SetPrescaler       0x0800a4cf    0x6  Code  Gb  stm32f10x_iwdg.o [1]
IWDG_SetReload          0x0800a4d5    0x6  Code  Gb  stm32f10x_iwdg.o [1]
IWDG_WriteAccessCmd     0x0800a4c9    0x6  Code  Gb  stm32f10x_iwdg.o [1]
LoadInt                 0x080046b5   0x6e  Code  Lc  xprintffull.o [3]
MemManage_Handler       0x0800ab07    0x2  Code  Wk  RTOSVect.o [1]
NMI_Handler             0x0800ab05    0x2  Code  Wk  RTOSVect.o [1]
NVIC_SetVectorTable     0x0800a4fd    0xc  Code  Gb  misc.o [1]
OS_ARM_DisableISR       0x08007f61   0x74  Code  Gb  RTOSInit.o [1]
OS_ARM_EnableISR        0x08007eed   0x74  Code  Gb  RTOSInit.o [1]
OS_ARM_ISRSetPrio       0x08007fd5   0x5c  Code  Gb  RTOSInit.o [1]
OS_ChangeTask_STD       0x08008429  0x11c  Code  Gb  OSKERN.o [5]
OS_CheckTimer           0x08007a19   0x3a  Code  Gb  OSTIME.o [5]
OS_ClearWaitObj         0x080095bd   0x2c  Code  Gb  OS_Wait.o [5]
OS_Config_SysTimer      0x08007af1   0x6a  Code  Gb  OS_SysTimer.o [5]
OS_CreateRSema          0x08009625   0x32  Code  Gb  OSRSEM.o [5]
OS_CreateTask_R         0x0800aa4d   0x90  Code  Gb  OS_CreateTask.o [5]
OS_CreateTimer          0x08007a53   0x18  Code  Gb  OSTIME.o [5]
OS_DeactivateP          0x08009d61   0x3c  Code  Gb  OS_DeactivateP.o [5]
OS_Deactivated          0x08008683   0x20  Code  Gb  OSKERN.o [5]
OS_Delay                0x080086b5   0x4c  Code  Gb  OSKERN.o [5]
OS_DisableInt           0x08009115         Code  Gb  rtos.o [5]
OS_EnableInt            0x08009109         Code  Gb  rtos.o [5]
OS_Error                0x08009751   0x24  Code  Gb  OS_Error.o [1]
OS_Exception            0x0800904d         Code  Gb  rtos.o [5]
OS_GetNumTasks          0x08009719   0x38  Code  Gb  OS_GetNumTasks.o [5]
OS_GetTime_us           0x08007b5b   0x3e  Code  Gb  OS_SysTimer.o [5]
OS_Global               0x20000014   0x3c  Data  Gb  OSGLOBAL.o [5]
OS_Idle                 0x08007ee9    0x4  Code  Gb  RTOSInit.o [1]
OS_InInt                0x20002461    0x1  Data  Gb  OSGLOBAL.o [5]
OS_InitHW               0x08007d7b  0x16c  Code  Gb  RTOSInit.o [1]
OS_InitKern_STD         0x080086a3   0x12  Code  Gb  OSKERN.o [5]
OS_InitMode             0x08009775   0x1c  Code  Gb  OS_InitMode.o [5]
OS_InitialSuspendCnt    0x20002460    0x1  Data  Gb  OSGLOBAL.o [5]
OS_InsertTask           0x08008603   0x80  Code  Gb  OSKERN.o [5]
OS_JLINKMEM_BufferSize  0x0800ad40    0x4  Data  Gb  RTOSInit.o [1]
OS_LeaveRegion          0x08008553   0x38  Code  Gb  OSKERN.o [5]
OS_MakeTaskReady        0x0800858b   0x78  Code  Gb  OSKERN.o [5]
OS_Q_Create             0x0800808d   0x44  Code  Gb  OSQ.o [5]
OS_Q_GetMessageCnt      0x0800a635   0x20  Code  Gb  OSQGMC.o [5]
OS_Q_GetPtrCond         0x0800a5f5   0x40  Code  Gb  OSQGPC.o [5]
OS_Q_Purge              0x080080d1   0x5e  Code  Gb  OSQ.o [5]
OS_Q_Put                0x08008a19   0xec  Code  Gb  OSQPut.o [5]
OS_RestoreI             0x08008545    0xe  Code  Gb  OSKERN.o [5]
OS_RetriggerTimer       0x08007a6b   0x56  Code  Gb  OSTIME.o [5]
OS_Running              0x20002407    0x1  Data  Gb  OSGLOBAL.o [5]
OS_SignalEvent          0x08007c19   0x3c  Code  Gb  OSEVENS.o [5]
OS_StartASM             0x080090b3         Code  Gb  rtos.o [5]
OS_StartTask            0x080090a7         Code  Gb  rtos.o [5]
OS_StartTimer           0x08007ac1   0x2c  Code  Gb  OSTIME.o [5]
OS_Status               0x20002406    0x1  Data  Gb  OSGLOBAL.o [5]
OS_Switch               0x080090db         Code  Gb  rtos.o [5]
OS_SwitchAfterISR_CortexM3
                        0x080090f3         Code  Gb  rtos.o [5]
OS_SwitchFromInt        0x08009101         Code  Gb  rtos.o [5]
OS_TICK_AddHook         0x0800aadd   0x20  Code  Gb  OS_TICK_Hook.o [5]
OS_TICK_Handle          0x08009531   0x58  Code  Gb  OS_TICK_Handle.o [5]
OS_TaskEndsUnexpectedly
                        0x080090b1         Code  Gb  rtos.o [5]
OS_Unuse                0x080096a3   0x2a  Code  Gb  OSRSEM.o [5]
OS_Use                  0x08009657   0x4c  Code  Gb  OSRSEM.o [5]
OS_Version              0x0800ad44    0x4  Data  Gb  OSGLOBAL.o [5]
OS_WaitEvent            0x08008e2d   0x44  Code  Gb  OSEVENW.o [5]
OS_pQHead               0x20002454    0x4  Data  Gb  OSGLOBAL.o [5]
OS_pRSema               0x20002450    0x4  Data  Gb  OSGLOBAL.o [5]
OS_pTLS                 0x2000245c    0x4  Data  Gb  OSGLOBAL.o [5]
OS_pTickHook            0x20002458    0x4  Data  Gb  OSGLOBAL.o [5]
OS_pfOnTerminate        0x20002444    0x4  Data  Gb  OSTERM.o [5]
PVD_IRQHandler          0x0800ab13    0x2  Code  Wk  RTOSVect.o [1]
PendSV_Handler          0x0800904d         Code  Gb  rtos.o [5]
RCC_AHBPeriphClockCmd   0x08009805   0x12  Code  Gb  stm32f10x_rcc.o [1]
RCC_APB1PeriphClockCmd  0x08009829   0x12  Code  Gb  stm32f10x_rcc.o [1]
RCC_APB1PeriphResetCmd  0x0800984d   0x12  Code  Gb  stm32f10x_rcc.o [1]
RCC_APB2PeriphClockCmd  0x08009817   0x12  Code  Gb  stm32f10x_rcc.o [1]
RCC_APB2PeriphResetCmd  0x0800983b   0x12  Code  Gb  stm32f10x_rcc.o [1]
RCC_GetClocksFreq       0x08009791   0x74  Code  Gb  stm32f10x_rcc.o [1]
RCC_IRQHandler          0x0800ab1b    0x2  Code  Wk  RTOSVect.o [1]
RTCAlarm_IRQHandler     0x0800ab55    0x2  Code  Wk  RTOSVect.o [1]
RTC_IRQHandler          0x0800ab17    0x2  Code  Wk  RTOSVect.o [1]
Region$$Table$$Base     0x0800accc          --   Gb  - Linker created -
Region$$Table$$Limit    0x0800acfc          --   Gb  - Linker created -
SDIO_IRQHandler         0x0800ab65    0x2  Code  Wk  RTOSVect.o [1]
SPI1_IRQHandler         0x0800ab51    0x2  Code  Wk  RTOSVect.o [1]
SPI2_IRQHandler         0x0800a273    0x2  Code  Gb  spi_slave.o [1]
SPI3_IRQHandler         0x0800ab69    0x2  Code  Wk  RTOSVect.o [1]
SPI_Cmd                 0x0800a845   0x14  Code  Gb  stm32f10x_spi.o [1]
SPI_I2S_DeInit          0x0800a7a9   0x58  Code  Gb  stm32f10x_spi.o [1]
SPI_I2S_ITConfig        0x0800a859   0x1a  Code  Gb  stm32f10x_spi.o [1]
SPI_Init                0x0800a80d   0x38  Code  Gb  stm32f10x_spi.o [1]
SPI_InitStructure       0x20002310   0x14  Data  Gb  spi_slave.o [1]
SVC_Handler             0x0800ab0d    0x2  Code  Wk  RTOSVect.o [1]
SemaLCD                 0x20002428   0x10  Data  Gb  lcd_2x16.o [1]
SemaLog                 0x20000c64   0x10  Data  Gb  log.o [1]
Stack1                  0x20001074  0x400  Data  Gb  Start.o [1]
Stack2                  0x20001474  0x400  Data  Gb  Start.o [1]
Stack3                  0x20001874  0x400  Data  Gb  Start.o [1]
SysTick_Handler         0x08007d35   0x46  Code  Gb  RTOSInit.o [1]
TAMPER_IRQHandler       0x0800ab15    0x2  Code  Wk  RTOSVect.o [1]
TCB1                    0x20001c74   0x30  Data  Gb  Start.o [1]
TCB2                    0x20001ca4   0x30  Data  Gb  Start.o [1]
TCB3                    0x20001cd4   0x30  Data  Gb  Start.o [1]
TIM1_BRK_IRQHandler     0x0800ab3d    0x2  Code  Wk  RTOSVect.o [1]
TIM1_CC_IRQHandler      0x0800ab43    0x2  Code  Wk  RTOSVect.o [1]
TIM1_TRG_COM_IRQHandler
                        0x0800ab41    0x2  Code  Wk  RTOSVect.o [1]
TIM1_UP_IRQHandler      0x0800ab3f    0x2  Code  Wk  RTOSVect.o [1]
TIM2_IRQHandler         0x0800ab45    0x2  Code  Wk  RTOSVect.o [1]
TIM3_IRQHandler         0x0800ab47    0x2  Code  Wk  RTOSVect.o [1]
TIM4_IRQHandler         0x080089b1   0x34  Code  Gb  sw_uart.o [1]
TIM5_IRQHandler         0x0800ab67    0x2  Code  Wk  RTOSVect.o [1]
TIM6_IRQHandler         0x0800ab6f    0x2  Code  Wk  RTOSVect.o [1]
TIM7_IRQHandler         0x0800ab71    0x2  Code  Wk  RTOSVect.o [1]
TIM8_BRK_IRQHandler     0x0800ab59    0x2  Code  Wk  RTOSVect.o [1]
TIM8_CC_IRQHandler      0x0800ab5f    0x2  Code  Wk  RTOSVect.o [1]
TIM8_TRG_COM_IRQHandler
                        0x0800ab5d    0x2  Code  Wk  RTOSVect.o [1]
TIM8_UP_IRQHandler      0x0800ab5b    0x2  Code  Wk  RTOSVect.o [1]
TIM_ClearITPendingBit   0x08009b91    0x2  Code  Gb  stm32f10x_tim.o [1]
TIM_Cmd                 0x08009b59   0x14  Code  Gb  stm32f10x_tim.o [1]
TIM_GetITStatus         0x08009b7d   0x14  Code  Gb  stm32f10x_tim.o [1]
TIM_ICInit              0x0800996f  0x1ea  Code  Gb  stm32f10x_tim.o [1]
TIM_ICInitStruct        0x200023e8    0xc  Data  Gb  sw_uart.o [1]
TIM_ITConfig            0x08009b6d   0x10  Code  Gb  stm32f10x_tim.o [1]
TIM_OC4Init             0x08009919   0x56  Code  Gb  stm32f10x_tim.o [1]
TIM_OCInitStruct        0x200023d8   0x10  Data  Gb  sw_uart.o [1]
TIM_TimeBaseInit        0x08009885   0x8e  Code  Gb  stm32f10x_tim.o [1]
TIM_TimeBaseInitStruct  0x200023f4    0xc  Data  Gb  sw_uart.o [1]
Task_USART3             0x08007861   0xa0  Code  Gb  pt-vending.o [1]
Task_spi                0x08009fb7   0xbc  Code  Gb  spi_slave.o [1]
Task_vending            0x08007183  0x1f4  Code  Gb  pt-vending.o [1]
UART4_IRQHandler        0x0800ab6b    0x2  Code  Wk  RTOSVect.o [1]
UART5_IRQHandler        0x0800ab6d    0x2  Code  Wk  RTOSVect.o [1]
USART1_IRQHandler       0x080074df  0x156  Code  Gb  pt-vending.o [1]
USART2_IRQHandler       0x08007635  0x196  Code  Gb  pt-vending.o [1]
USART3_IRQHandler       0x080077cb   0x8e  Code  Gb  pt-vending.o [1]
USART3_Timeout          0x08007859    0x8  Code  Gb  pt-vending.o [1]
USART_ClearFlag         0x08009007    0x2  Code  Gb  stm32f10x_usart.o [1]
USART_Cmd               0x08008fa5   0x14  Code  Gb  stm32f10x_usart.o [1]
USART_DeInit            0x08008e71   0x88  Code  Gb  stm32f10x_usart.o [1]
USART_GetFlagStatus     0x08008ff9    0xe  Code  Gb  stm32f10x_usart.o [1]
USART_GetITStatus       0x08009009   0x3e  Code  Gb  stm32f10x_usart.o [1]
USART_ITConfig          0x08008fb9   0x30  Code  Gb  stm32f10x_usart.o [1]
USART_Init              0x08008ef9   0x96  Code  Gb  stm32f10x_usart.o [1]
USART_InitStructure     0x20001fd0   0x10  Data  Gb  pt-vending.o [1]
USART_ReceiveData       0x08008ff1    0x8  Code  Gb  stm32f10x_usart.o [1]
USART_SendData          0x08008fe9    0x8  Code  Gb  stm32f10x_usart.o [1]
USBWakeUp_IRQHandler    0x0800ab57    0x2  Code  Wk  RTOSVect.o [1]
USB_HP_CAN1_TX_IRQHandler
                        0x0800ab33    0x2  Code  Wk  RTOSVect.o [1]
USB_LP_CAN1_RX0_IRQHandler
                        0x0800ab35    0x2  Code  Wk  RTOSVect.o [1]
UsageFault_Handler      0x0800ab0b    0x2  Code  Wk  RTOSVect.o [1]
WWDG_IRQHandler         0x0800ab11    0x2  Code  Wk  RTOSVect.o [1]
_CheckDelays            0x08008383   0xa4  Code  Lc  OSKERN.o [5]
_GenldFull              0x08004c2b  0x262  Code  Lc  xprintffull.o [3]
_GetN                   0x080059cd   0x22  Code  Lc  xscanffull.o [3]
_GetfldFull             0x08005b9b  0x102  Code  Lc  xscanffull.o [3]
_GetfloatFull           0x08006051  0x4c0  Code  Lc  xscanffull.o [3]
_GetintFull             0x08005e63  0x1e8  Code  Lc  xscanffull.o [3]
_GetstrFull             0x08005c9d  0x1c0  Code  Lc  xscanffull.o [3]
_InsertTimerInList      0x080079cd   0x4a  Code  Lc  OSTIME.o [5]
_LdtobFull              0x08004829  0x3fc  Code  Lc  xprintffull.o [3]
_LitobFull              0x08004723  0x106  Code  Lc  xprintffull.o [3]
_OS_DoRR                0x080082ed   0x96  Code  Lc  OSKERN.o [5]
_OS_GetHWTimerCycles    0x08007d25    0x6  Code  Lc  RTOSInit.o [1]
_OS_GetHWTimer_IntPending
                        0x08007d2b    0xa  Code  Lc  RTOSInit.o [1]
_OS_RSema_OnTerminate   0x080095e9   0x3c  Code  Lc  OSRSEM.o [5]
_PrintfFull             0x08004131  0x57e  Code  Gb  xprintffull.o [3]
_PutcharsFull           0x08004e8d   0x2e  Code  Lc  xprintffull.o [3]
_SNProut                0x08004f0b   0x1a  Code  Gb  xsnprout.o [3]
_SProut                 0x08004f5b    0xa  Code  Gb  xsprout.o [3]
_SScin                  0x08004ed7   0x1e  Code  Gb  xsscin.o [3]
_ScanfFull              0x08005a09  0x192  Code  Gb  xscanffull.o [3]
_Stoflt                 0x08006a89  0x1b0  Code  Gb  xstoflt.o [3]
_Stopfx                 0x08006969  0x120  Code  Gb  xstopfx.o [3]
_Stoxflt                0x08006e39  0x1cc  Code  Gb  xstoxflt.o [3]
_SysTimer_Settings      0x20002408   0x20  Data  Lc  OS_SysTimer.o [5]
_UngetN                 0x080059ef   0x1a  Code  Lc  xscanffull.o [3]
__DLIB_PERTHREAD$$Base  0x20000054          --   Gb  - Linker created -
__DLIB_PERTHREAD$$Limit
                        0x20000058          --   Gb  - Linker created -
__aeabi_cdcmpeq         0x08007051         Code  Gb  DblCmpEq.o [4]
__aeabi_cdcmple         0x08005165         Code  Gb  DblCmpLe.o [4]
__aeabi_cdrcmple        0x08005195         Code  Gb  DblCmpGe.o [4]
__aeabi_d2f             0x080068cd         Code  Gb  DblToFlt.o [4]
__aeabi_d2iz            0x080052d1         Code  Gb  DblToI32.o [4]
__aeabi_d2uiz           0x080052fd         Code  Gb  DblToI32.o [4]
__aeabi_dadd            0x080058e5         Code  Gb  DblAdd.o [4]
__aeabi_ddiv            0x0800567d         Code  Gb  DblDiv.o [4]
__aeabi_dmul            0x080054d9         Code  Gb  DblMul.o [4]
__aeabi_dsub            0x08005359         Code  Gb  DblSub.o [4]
__aeabi_errno_addr      0x0800695d    0x6  Code  Gb  errno.o [3]
__aeabi_f2d             0x08009cdd         Code  Gb  FltToDbl.o [4]
__aeabi_fdiv            0x08009be1         Code  Gb  FltDiv.o [4]
__aeabi_i2d             0x08005329         Code  Gb  I32ToDbl.o [4]
__aeabi_ldiv0           0x080058e1         Code  Gb  I64DivZer.o [6]
__aeabi_memclr          0x08007c55         Code  Gb  ABImemclr.o [6]
__aeabi_memclr4         0x08008085         Code  Gb  ABImemclr4.o [6]
__aeabi_ui2d            0x0800533d         Code  Gb  I32ToDbl.o [4]
__aeabi_ui2f            0x08009bc1         Code  Gb  I32ToFlt.o [4]
__aeabi_uldivmod        0x08004fbd         Code  Gb  I64DivMod.o [6]
__cmain                 0x0800acfd         Code  Gb  cmain.o [6]
__exit                  0x0800ad29         Code  Gb  XXexit.o [6]
__iar_Dnorm             0x08005123   0x42  Code  Gb  xdnorm.o [4]
__iar_Dscale            0x080051c5  0x10c  Code  Gb  xdscale.o [4]
__iar_Dtentox           0x08006c8b  0x14c  Code  Gb  xdtento.o [4]
__iar_Dunscale          0x08007071   0x52  Code  Gb  xdunscal.o [4]
__iar_Errno             0x20000054    0x4  Data  Gb  errno.o [3]
__iar_Memchr            0x08004f65         Code  Gb  memchr.o [6]
__iar_Memset4_word      0x08009589         Code  Gb  ABImemset48.o [6]
__iar_Memset8_word      0x08009589         Code  Gb  ABImemset48.o [6]
__iar_Memset_word       0x080094d1         Code  Gb  ABImemset.o [6]
__iar_Stold             0x080068c9    0x4  Code  Gb  xstold.o [4]
__iar_Stoldx            0x08006781  0x13a  Code  Gb  xstold.o [4]
__iar_Stoll             0x080065c7    0x4  Code  Gb  xstoll.o [3]
__iar_Stollx            0x08006529   0x9e  Code  Gb  xstoll.o [3]
__iar_Stoull            0x0800672d    0x4  Code  Gb  xstoull.o [3]
__iar_Stoullx           0x080065cd  0x15a  Code  Gb  xstoull.o [3]
__iar_Strchr            0x08004ef5         Code  Gb  strchr.o [6]
__iar_Strstr            0x0800a8b1   0x2c  Code  Gb  strstr.o [3]
__iar_d2uiz             0x08005309         Code  Gb  DblToI32.o [4]
__iar_dadd              0x080058f9         Code  Gb  DblAdd.o [4]
__iar_data_init3        0x0800aca5   0x28  Code  Gb  data_init.o [6]
__iar_dlib_perthread_access
                        0x08007039   0x18  Code  Gb  xtls.o [5]
__iar_dsub              0x0800536d         Code  Gb  DblSub.o [4]
__iar_dsubStart         0x0800537f         Code  Gb  DblSub.o [4]
__iar_packbits_init_single3
                        0x0800ac6b   0x38  Code  Gb  packbits_init_single.o [6]
__iar_program_start     0x0800ad35         Code  Gb  cstartup_M.o [6]
__iar_ui2d              0x08005341         Code  Gb  I32ToDbl.o [4]
__iar_ui2f              0x08009bc5         Code  Gb  I32ToFlt.o [4]
__iar_unaligned___aeabi_memcpy
                        0x080050ad         Code  Gb  ABImemcpy_unaligned.o [6]
__iar_unaligned___aeabi_memcpy4
                        0x080050cd         Code  Gb  ABImemcpy_unaligned.o [6]
__iar_unaligned___aeabi_memcpy8
                        0x080050cd         Code  Gb  ABImemcpy_unaligned.o [6]
__iar_unaligned___aeabi_memmove
                        0x08007ba1         Code  Gb  ABImemmove_unaligned.o [6]
__iar_unaligned___aeabi_memmove4
                        0x08007ba1         Code  Gb  ABImemmove_unaligned.o [6]
__iar_unaligned___aeabi_memmove8
                        0x08007ba1         Code  Gb  ABImemmove_unaligned.o [6]
__iar_unaligned_strcmp  0x0800abe9         Code  Gb  strcmp_unaligned.o [6]
__iar_zero_init3        0x0800ac2b   0x40  Code  Gb  zero_init3.o [6]
__vector_table          0x08004000  0x130  Data  Gb  RTOSVect.o [1]
_call_main              0x0800ad09         Code  Gb  cmain.o [6]
_exit                   0x0800ad1d         Code  Gb  cexit.o [6]
_main                   0x0800ad13         Code  Gb  cmain.o [6]
_pFirstHook             0x20002448    0x4  Data  Lc  OSTERM.o [5]
bt_rx_msg_handler       0x0800ab7d   0x4e  Code  Gb  bt.o [1]
build_dt                0x0800a511   0x6e  Code  Gb  utils.o [1]
configure_spi           0x0800a275  0x10e  Code  Gb  spi_slave.o [1]
digits                  0x08006730   0x28  Data  Lc  xstoull.o [3]
div                     0x080058d3    0xe  Code  Gb  div.o [3]
dmul                    0x08006c39   0x52  Code  Lc  xdtento.o [4]
enableLogging           0x08008139   0x1c  Code  Gb  log.o [1]
exit                    0x0800ad17    0x4  Code  Gb  exit.o [3]
fb                      0x20001d04  0x2cc  Data  Gb  pt-vending.o [1]
fb_evt_q                0x20001fe4   0x24  Data  Gb  pt-vending.o [1]
fb_evt_q_buf            0x20002008   0x40  Data  Gb  pt-vending.o [1]
fb_m_tx                 0x080074a3   0x3c  Code  Gb  pt-vending.o [1]
fb_s_tx                 0x08007467   0x3c  Code  Gb  pt-vending.o [1]
fbm_msg_end             0x080070f3   0x42  Code  Gb  pt-vending.o [1]
fbs_msg_end             0x08007135   0x4e  Code  Gb  pt-vending.o [1]
gpiob_idr               0x20002344    0x2  Data  Gb  spi_slave.o [1]
hookFunc                0x0800a9a9    0x4  Code  Gb  BSP.o [1]
init_fb                 0x08007377   0xf0  Code  Gb  pt-vending.o [1]
isLogEmpty              0x08008155   0x26  Code  Gb  log.o [1]
log1                    0x08008299   0x4a  Code  Gb  log.o [1]
logDesc                 0x20000258  0xa0c  Data  Gb  log.o [1]
logRead                 0x08008213   0x86  Code  Gb  log.o [1]
logWrite                0x0800817d   0x96  Code  Gb  log.o [1]
main                    0x0800a8dd   0x90  Code  Gb  Start.o [1]
mdb_evt_m_rx            0x08009141  0x37c  Code  Gb  mdb.o [1]
memchr                  0x08004f65         Code  Gb  memchr.o [6]
ndigs                   0x08006758   0x28  Data  Lc  xstoull.o [3]
pows                    0x08006df0   0x48  Data  Lc  xdtento.o [4]
prev_spi_out            0x20002324   0x20  Data  Gb  spi_slave.o [1]
sniffer                 0x20002084  0x1e0  Data  Gb  mdb_sniffer.o [1]
sniffer_isr             0x08008d37   0x94  Code  Gb  mdb_sniffer.o [1]
sniffer_m_rx            0x08008bd1   0x8a  Code  Gb  mdb_sniffer.o [1]
sniffer_rx_msg          0x08008c5d   0xda  Code  Gb  mdb_sniffer.o [1]
sniffer_s_rx            0x08008b45   0x8a  Code  Gb  mdb_sniffer.o [1]
sniffer_tx              0x08008b05   0x3e  Code  Gb  mdb_sniffer.o [1]
spi_cs_wait             0x20002348    0x4  Data  Gb  spi_slave.o [1]
spi_in                  0x200022d0   0x40  Data  Gb  spi_slave.o [1]
spi_mgr                 0x08009dc9  0x1ee  Code  Gb  spi_slave.o [1]
spi_mgr_desc            0x2000234c    0x4  Data  Gb  spi_slave.o [1]
spi_ok_timer            0x20002364   0x14  Data  Gb  spi_slave.o [1]
spi_ok_timer_cb         0x08009dbd    0x8  Code  Gb  spi_slave.o [1]
spi_out                 0x20002264   0x40  Data  Gb  spi_slave.o [1]
spi_slave_init          0x0800a383   0xaa  Code  Gb  spi_slave.o [1]
spi_sync_timer          0x20002378   0x14  Data  Gb  spi_slave.o [1]
spi_sync_timer_cb       0x08009dc5    0x2  Code  Gb  spi_slave.o [1]
sprintf                 0x08009d2d   0x34  Code  Gb  sprintf.o [3]
sprintf_buf             0x20000c74  0x400  Data  Gb  log.o [1]
sscanf                  0x0800a88d   0x24  Code  Gb  sscanf.o [3]
strchr                  0x08004ef5         Code  Gb  strchr.o [6]
strlen                  0x08004f25         Code  Gb  strlen.o [6]
sw_uart                 0x2000238c   0x4c  Data  Gb  sw_uart.o [1]
sw_uart_init            0x08008709   0xb8  Code  Gb  sw_uart.o [1]
sw_uart_reset_buffers   0x080089e5   0x24  Code  Gb  sw_uart.o [1]
sw_uart_tx              0x080087c1   0x1c  Code  Gb  sw_uart.o [1]
swuart_isr_rx           0x08008895  0x11c  Code  Gb  sw_uart.o [1]
swuart_isr_tx           0x080087dd   0xb6  Code  Gb  sw_uart.o [1]
t_18b20                 0x2000244c    0x4  Data  Gb  18B20.o [1]
t_fbm_msg_end           0x20002048   0x14  Data  Gb  pt-vending.o [1]
t_fbs_msg_end           0x2000205c   0x14  Data  Gb  pt-vending.o [1]
tickHook                0x2000243c    0x8  Data  Gb  BSP.o [1]
timer100                0x20002350   0x14  Data  Gb  spi_slave.o [1]
timer1000               0x20002070   0x14  Data  Gb  pt-vending.o [1]
timer1000_cb            0x080070c5   0x2e  Code  Gb  pt-vending.o [1]
timer100_cb             0x08009d9d   0x20  Code  Gb  spi_slave.o [1]
verMajor                0x080050aa    0x1  Data  Gb  pt-vending.o [1]
verMinor                0x080050ab    0x1  Data  Gb  pt-vending.o [1]
vsnprintf               0x080096dd   0x3c  Code  Gb  vsnprint.o [3]


[1] = C:\ilya\vendicont\arm-periphery\build\iar\Output\Release\Obj
[2] = command line
[3] = dl7M_tln.a
[4] = m7M_tl.a
[5] = os7m_tl__r.a
[6] = rt7M_tl.a

  27 614 bytes of readonly  code memory
     391 bytes of readonly  data memory
   9 312 bytes of readwrite data memory

Errors: none
Warnings: none
